  Determining projects to restore...
  All projects are up-to-date for restore.
  SV22T1020796.Models -> C:\Users\Drod2\source\repos\SV22T1020796\SV22T1020796.Models\bin\Debug\net8.0\SV22T1020796.Models.dll
  SV22T1020796.DataLayers -> C:\Users\Drod2\source\repos\SV22T1020796\SV22T1020796.DataLayers\bin\Debug\net8.0\SV22T1020796.DataLayers.dll
  SV22T1020796.BusinessLayers -> C:\Users\Drod2\source\repos\SV22T1020796\SV22T1020796.BusinessLayers\bin\Debug\net8.0\SV22T1020796.BusinessLayers.dll
  SV22T1020796.Shop -> C:\Users\Drod2\source\repos\SV22T1020796\SV22T1020796.Shop\bin\Debug\net8.0\SV22T1020796.Shop.dll
C:\Users\Drod2\source\repos\SV22T1020796\SV22T1020796.Admin\Models\Common\PagedResult.cs(51,21): warning CS0436: The type 'PageItem' in 'C:\Users\Drod2\source\repos\SV22T1020796\SV22T1020796.Admin\Models\Common\PageItem.cs' conflicts with the imported type 'PageItem' in 'SV22T1020796.Models, Version=1.0.0.0, Culture=neutral, PublicKeyToken=null'. Using the type defined in 'C:\Users\Drod2\source\repos\SV22T1020796\SV22T1020796.Admin\Models\Common\PageItem.cs'. [C:\Users\Drod2\source\repos\SV22T1020796\SV22T1020796.Admin\SV22T1020796.Admin.csproj]
C:\Users\Drod2\source\repos\SV22T1020796\SV22T1020796.Admin\Models\Sales\Order.cs(51,16): warning CS0436: The type 'OrderStatusEnum' in 'C:\Users\Drod2\source\repos\SV22T1020796\SV22T1020796.Admin\Models\Sales\OrderStatusEnum.cs' conflicts with the imported type 'OrderStatusEnum' in 'SV22T1020796.Models, Version=1.0.0.0, Culture=neutral, PublicKeyToken=null'. Using the type defined in 'C:\Users\Drod2\source\repos\SV22T1020796\SV22T1020796.Admin\Models\Sales\OrderStatusEnum.cs'. [C:\Users\Drod2\source\repos\SV22T1020796\SV22T1020796.Admin\SV22T1020796.Admin.csproj]
C:\Users\Drod2\source\repos\SV22T1020796\SV22T1020796.Admin\Models\Sales\OrderStatusExtensions.cs(13,50): warning CS0436: The type 'OrderStatusEnum' in 'C:\Users\Drod2\source\repos\SV22T1020796\SV22T1020796.Admin\Models\Sales\OrderStatusEnum.cs' conflicts with the imported type 'OrderStatusEnum' in 'SV22T1020796.Models, Version=1.0.0.0, Culture=neutral, PublicKeyToken=null'. Using the type defined in 'C:\Users\Drod2\source\repos\SV22T1020796\SV22T1020796.Admin\Models\Sales\OrderStatusEnum.cs'. [C:\Users\Drod2\source\repos\SV22T1020796\SV22T1020796.Admin\SV22T1020796.Admin.csproj]
C:\Users\Drod2\source\repos\SV22T1020796\SV22T1020796.Admin\Views\Test\Index.cshtml(1,35): warning CS0436: The type 'PagedResult<T>' in 'C:\Users\Drod2\source\repos\SV22T1020796\SV22T1020796.Admin\Models\Common\PagedResult.cs' conflicts with the imported type 'PagedResult<T>' in 'SV22T1020796.Models, Version=1.0.0.0, Culture=neutral, PublicKeyToken=null'. Using the type defined in 'C:\Users\Drod2\source\repos\SV22T1020796\SV22T1020796.Admin\Models\Common\PagedResult.cs'. [C:\Users\Drod2\source\repos\SV22T1020796\SV22T1020796.Admin\SV22T1020796.Admin.csproj]
C:\Users\Drod2\source\repos\SV22T1020796\SV22T1020796.Admin\Views\Test\Index.cshtml(1,75): warning CS0436: The type 'Customer' in 'C:\Users\Drod2\source\repos\SV22T1020796\SV22T1020796.Admin\Models\Partner\Customer.cs' conflicts with the imported type 'Customer' in 'SV22T1020796.Models, Version=1.0.0.0, Culture=neutral, PublicKeyToken=null'. Using the type defined in 'C:\Users\Drod2\source\repos\SV22T1020796\SV22T1020796.Admin\Models\Partner\Customer.cs'. [C:\Users\Drod2\source\repos\SV22T1020796\SV22T1020796.Admin\SV22T1020796.Admin.csproj]
C:\Users\Drod2\source\repos\SV22T1020796\SV22T1020796.Admin\obj\Debug\net8.0\Microsoft.CodeAnalysis.Razor.Compiler\Microsoft.NET.Sdk.Razor.SourceGenerators.RazorSourceGenerator\Views_Test_Index_cshtml.g.cs(199,98): warning CS0436: The type 'PagedResult<T>' in 'C:\Users\Drod2\source\repos\SV22T1020796\SV22T1020796.Admin\Models\Common\PagedResult.cs' conflicts with the imported type 'PagedResult<T>' in 'SV22T1020796.Models, Version=1.0.0.0, Culture=neutral, PublicKeyToken=null'. Using the type defined in 'C:\Users\Drod2\source\repos\SV22T1020796\SV22T1020796.Admin\Models\Common\PagedResult.cs'. [C:\Users\Drod2\source\repos\SV22T1020796\SV22T1020796.Admin\SV22T1020796.Admin.csproj]
C:\Users\Drod2\source\repos\SV22T1020796\SV22T1020796.Admin\obj\Debug\net8.0\Microsoft.CodeAnalysis.Razor.Compiler\Microsoft.NET.Sdk.Razor.SourceGenerators.RazorSourceGenerator\Views_Test_Index_cshtml.g.cs(199,138): warning CS0436: The type 'Customer' in 'C:\Users\Drod2\source\repos\SV22T1020796\SV22T1020796.Admin\Models\Partner\Customer.cs' conflicts with the imported type 'Customer' in 'SV22T1020796.Models, Version=1.0.0.0, Culture=neutral, PublicKeyToken=null'. Using the type defined in 'C:\Users\Drod2\source\repos\SV22T1020796\SV22T1020796.Admin\Models\Partner\Customer.cs'. [C:\Users\Drod2\source\repos\SV22T1020796\SV22T1020796.Admin\SV22T1020796.Admin.csproj]
C:\Users\Drod2\source\repos\SV22T1020796\SV22T1020796.Admin\Models\Sales\OrderStatusExtensions.cs(17,17): warning CS0436: The type 'OrderStatusEnum' in 'C:\Users\Drod2\source\repos\SV22T1020796\SV22T1020796.Admin\Models\Sales\OrderStatusEnum.cs' conflicts with the imported type 'OrderStatusEnum' in 'SV22T1020796.Models, Version=1.0.0.0, Culture=neutral, PublicKeyToken=null'. Using the type defined in 'C:\Users\Drod2\source\repos\SV22T1020796\SV22T1020796.Admin\Models\Sales\OrderStatusEnum.cs'. [C:\Users\Drod2\source\repos\SV22T1020796\SV22T1020796.Admin\SV22T1020796.Admin.csproj]
C:\Users\Drod2\source\repos\SV22T1020796\SV22T1020796.Admin\Models\Sales\OrderStatusExtensions.cs(18,17): warning CS0436: The type 'OrderStatusEnum' in 'C:\Users\Drod2\source\repos\SV22T1020796\SV22T1020796.Admin\Models\Sales\OrderStatusEnum.cs' conflicts with the imported type 'OrderStatusEnum' in 'SV22T1020796.Models, Version=1.0.0.0, Culture=neutral, PublicKeyToken=null'. Using the type defined in 'C:\Users\Drod2\source\repos\SV22T1020796\SV22T1020796.Admin\Models\Sales\OrderStatusEnum.cs'. [C:\Users\Drod2\source\repos\SV22T1020796\SV22T1020796.Admin\SV22T1020796.Admin.csproj]
C:\Users\Drod2\source\repos\SV22T1020796\SV22T1020796.Admin\Models\Sales\OrderStatusExtensions.cs(19,17): warning CS0436: The type 'OrderStatusEnum' in 'C:\Users\Drod2\source\repos\SV22T1020796\SV22T1020796.Admin\Models\Sales\OrderStatusEnum.cs' conflicts with the imported type 'OrderStatusEnum' in 'SV22T1020796.Models, Version=1.0.0.0, Culture=neutral, PublicKeyToken=null'. Using the type defined in 'C:\Users\Drod2\source\repos\SV22T1020796\SV22T1020796.Admin\Models\Sales\OrderStatusEnum.cs'. [C:\Users\Drod2\source\repos\SV22T1020796\SV22T1020796.Admin\SV22T1020796.Admin.csproj]
C:\Users\Drod2\source\repos\SV22T1020796\SV22T1020796.Admin\Models\Sales\OrderStatusExtensions.cs(20,17): warning CS0436: The type 'OrderStatusEnum' in 'C:\Users\Drod2\source\repos\SV22T1020796\SV22T1020796.Admin\Models\Sales\OrderStatusEnum.cs' conflicts with the imported type 'OrderStatusEnum' in 'SV22T1020796.Models, Version=1.0.0.0, Culture=neutral, PublicKeyToken=null'. Using the type defined in 'C:\Users\Drod2\source\repos\SV22T1020796\SV22T1020796.Admin\Models\Sales\OrderStatusEnum.cs'. [C:\Users\Drod2\source\repos\SV22T1020796\SV22T1020796.Admin\SV22T1020796.Admin.csproj]
C:\Users\Drod2\source\repos\SV22T1020796\SV22T1020796.Admin\Models\Sales\OrderStatusExtensions.cs(21,17): warning CS0436: The type 'OrderStatusEnum' in 'C:\Users\Drod2\source\repos\SV22T1020796\SV22T1020796.Admin\Models\Sales\OrderStatusEnum.cs' conflicts with the imported type 'OrderStatusEnum' in 'SV22T1020796.Models, Version=1.0.0.0, Culture=neutral, PublicKeyToken=null'. Using the type defined in 'C:\Users\Drod2\source\repos\SV22T1020796\SV22T1020796.Admin\Models\Sales\OrderStatusEnum.cs'. [C:\Users\Drod2\source\repos\SV22T1020796\SV22T1020796.Admin\SV22T1020796.Admin.csproj]
C:\Users\Drod2\source\repos\SV22T1020796\SV22T1020796.Admin\Models\Sales\OrderStatusExtensions.cs(22,17): warning CS0436: The type 'OrderStatusEnum' in 'C:\Users\Drod2\source\repos\SV22T1020796\SV22T1020796.Admin\Models\Sales\OrderStatusEnum.cs' conflicts with the imported type 'OrderStatusEnum' in 'SV22T1020796.Models, Version=1.0.0.0, Culture=neutral, PublicKeyToken=null'. Using the type defined in 'C:\Users\Drod2\source\repos\SV22T1020796\SV22T1020796.Admin\Models\Sales\OrderStatusEnum.cs'. [C:\Users\Drod2\source\repos\SV22T1020796\SV22T1020796.Admin\SV22T1020796.Admin.csproj]
C:\Users\Drod2\source\repos\SV22T1020796\SV22T1020796.Admin\Models\Common\PagedResult.cs(53,35): warning CS0436: The type 'PageItem' in 'C:\Users\Drod2\source\repos\SV22T1020796\SV22T1020796.Admin\Models\Common\PageItem.cs' conflicts with the imported type 'PageItem' in 'SV22T1020796.Models, Version=1.0.0.0, Culture=neutral, PublicKeyToken=null'. Using the type defined in 'C:\Users\Drod2\source\repos\SV22T1020796\SV22T1020796.Admin\Models\Common\PageItem.cs'. [C:\Users\Drod2\source\repos\SV22T1020796\SV22T1020796.Admin\SV22T1020796.Admin.csproj]
C:\Users\Drod2\source\repos\SV22T1020796\SV22T1020796.Admin\Models\Common\PagedResult.cs(95,32): warning CS0436: The type 'PageItem' in 'C:\Users\Drod2\source\repos\SV22T1020796\SV22T1020796.Admin\Models\Common\PageItem.cs' conflicts with the imported type 'PageItem' in 'SV22T1020796.Models, Version=1.0.0.0, Culture=neutral, PublicKeyToken=null'. Using the type defined in 'C:\Users\Drod2\source\repos\SV22T1020796\SV22T1020796.Admin\Models\Common\PageItem.cs'. [C:\Users\Drod2\source\repos\SV22T1020796\SV22T1020796.Admin\SV22T1020796.Admin.csproj]
C:\Users\Drod2\source\repos\SV22T1020796\SV22T1020796.Admin\Models\Common\PagedResult.cs(98,36): warning CS0436: The type 'PageItem' in 'C:\Users\Drod2\source\repos\SV22T1020796\SV22T1020796.Admin\Models\Common\PageItem.cs' conflicts with the imported type 'PageItem' in 'SV22T1020796.Models, Version=1.0.0.0, Culture=neutral, PublicKeyToken=null'. Using the type defined in 'C:\Users\Drod2\source\repos\SV22T1020796\SV22T1020796.Admin\Models\Common\PageItem.cs'. [C:\Users\Drod2\source\repos\SV22T1020796\SV22T1020796.Admin\SV22T1020796.Admin.csproj]
C:\Users\Drod2\source\repos\SV22T1020796\SV22T1020796.Admin\Models\Common\PagedResult.cs(104,32): warning CS0436: The type 'PageItem' in 'C:\Users\Drod2\source\repos\SV22T1020796\SV22T1020796.Admin\Models\Common\PageItem.cs' conflicts with the imported type 'PageItem' in 'SV22T1020796.Models, Version=1.0.0.0, Culture=neutral, PublicKeyToken=null'. Using the type defined in 'C:\Users\Drod2\source\repos\SV22T1020796\SV22T1020796.Admin\Models\Common\PageItem.cs'. [C:\Users\Drod2\source\repos\SV22T1020796\SV22T1020796.Admin\SV22T1020796.Admin.csproj]
C:\Users\Drod2\source\repos\SV22T1020796\SV22T1020796.Admin\Models\Common\PagedResult.cs(112,36): warning CS0436: The type 'PageItem' in 'C:\Users\Drod2\source\repos\SV22T1020796\SV22T1020796.Admin\Models\Common\PageItem.cs' conflicts with the imported type 'PageItem' in 'SV22T1020796.Models, Version=1.0.0.0, Culture=neutral, PublicKeyToken=null'. Using the type defined in 'C:\Users\Drod2\source\repos\SV22T1020796\SV22T1020796.Admin\Models\Common\PageItem.cs'. [C:\Users\Drod2\source\repos\SV22T1020796\SV22T1020796.Admin\SV22T1020796.Admin.csproj]
C:\Users\Drod2\source\repos\SV22T1020796\SV22T1020796.Admin\Models\Common\PagedResult.cs(113,32): warning CS0436: The type 'PageItem' in 'C:\Users\Drod2\source\repos\SV22T1020796\SV22T1020796.Admin\Models\Common\PageItem.cs' conflicts with the imported type 'PageItem' in 'SV22T1020796.Models, Version=1.0.0.0, Culture=neutral, PublicKeyToken=null'. Using the type defined in 'C:\Users\Drod2\source\repos\SV22T1020796\SV22T1020796.Admin\Models\Common\PageItem.cs'. [C:\Users\Drod2\source\repos\SV22T1020796\SV22T1020796.Admin\SV22T1020796.Admin.csproj]
C:\Users\Drod2\source\repos\SV22T1020796\SV22T1020796.Admin\Controllers\TestController.cs(12,56): warning CS0436: The type 'PaginationSearchInput' in 'C:\Users\Drod2\source\repos\SV22T1020796\SV22T1020796.Admin\Models\Common\PaginationSearchInput.cs' conflicts with the imported type 'PaginationSearchInput' in 'SV22T1020796.Models, Version=1.0.0.0, Culture=neutral, PublicKeyToken=null'. Using the type defined in 'C:\Users\Drod2\source\repos\SV22T1020796\SV22T1020796.Admin\Models\Common\PaginationSearchInput.cs'. [C:\Users\Drod2\source\repos\SV22T1020796\SV22T1020796.Admin\SV22T1020796.Admin.csproj]
C:\Users\Drod2\source\repos\SV22T1020796\SV22T1020796.Admin\Controllers\TestController.cs(29,47): error CS1503: Argument 1: cannot convert from 'SV22T1020796.Models.Common.PaginationSearchInput [C:\Users\Drod2\source\repos\SV22T1020796\SV22T1020796.Admin\Models\Common\PaginationSearchInput.cs(6)]' to 'SV22T1020796.Models.Common.PaginationSearchInput [C:\Users\Drod2\source\repos\SV22T1020796\SV22T1020796.Models\obj\Debug\net8.0\ref\SV22T1020796.Models.dll]' [C:\Users\Drod2\source\repos\SV22T1020796\SV22T1020796.Admin\SV22T1020796.Admin.csproj]
C:\Users\Drod2\source\repos\SV22T1020796\SV22T1020796.Admin\Controllers\CustomerController.cs(17,29): warning CS0436: The type 'PaginationSearchInput' in 'C:\Users\Drod2\source\repos\SV22T1020796\SV22T1020796.Admin\Models\Common\PaginationSearchInput.cs' conflicts with the imported type 'PaginationSearchInput' in 'SV22T1020796.Models, Version=1.0.0.0, Culture=neutral, PublicKeyToken=null'. Using the type defined in 'C:\Users\Drod2\source\repos\SV22T1020796\SV22T1020796.Admin\Models\Common\PaginationSearchInput.cs'. [C:\Users\Drod2\source\repos\SV22T1020796\SV22T1020796.Admin\SV22T1020796.Admin.csproj]
C:\Users\Drod2\source\repos\SV22T1020796\SV22T1020796.Admin\Controllers\CustomerController.cs(23,69): error CS1503: Argument 1: cannot convert from 'SV22T1020796.Models.Common.PaginationSearchInput [C:\Users\Drod2\source\repos\SV22T1020796\SV22T1020796.Admin\Models\Common\PaginationSearchInput.cs(6)]' to 'SV22T1020796.Models.Common.PaginationSearchInput [C:\Users\Drod2\source\repos\SV22T1020796\SV22T1020796.Models\obj\Debug\net8.0\ref\SV22T1020796.Models.dll]' [C:\Users\Drod2\source\repos\SV22T1020796\SV22T1020796.Admin\SV22T1020796.Admin.csproj]

Build FAILED.

C:\Users\Drod2\source\repos\SV22T1020796\SV22T1020796.Admin\Models\Common\PagedResult.cs(51,21): warning CS0436: The type 'PageItem' in 'C:\Users\Drod2\source\repos\SV22T1020796\SV22T1020796.Admin\Models\Common\PageItem.cs' conflicts with the imported type 'PageItem' in 'SV22T1020796.Models, Version=1.0.0.0, Culture=neutral, PublicKeyToken=null'. Using the type defined in 'C:\Users\Drod2\source\repos\SV22T1020796\SV22T1020796.Admin\Models\Common\PageItem.cs'. [C:\Users\Drod2\source\repos\SV22T1020796\SV22T1020796.Admin\SV22T1020796.Admin.csproj]
C:\Users\Drod2\source\repos\SV22T1020796\SV22T1020796.Admin\Models\Sales\Order.cs(51,16): warning CS0436: The type 'OrderStatusEnum' in 'C:\Users\Drod2\source\repos\SV22T1020796\SV22T1020796.Admin\Models\Sales\OrderStatusEnum.cs' conflicts with the imported type 'OrderStatusEnum' in 'SV22T1020796.Models, Version=1.0.0.0, Culture=neutral, PublicKeyToken=null'. Using the type defined in 'C:\Users\Drod2\source\repos\SV22T1020796\SV22T1020796.Admin\Models\Sales\OrderStatusEnum.cs'. [C:\Users\Drod2\source\repos\SV22T1020796\SV22T1020796.Admin\SV22T1020796.Admin.csproj]
C:\Users\Drod2\source\repos\SV22T1020796\SV22T1020796.Admin\Models\Sales\OrderStatusExtensions.cs(13,50): warning CS0436: The type 'OrderStatusEnum' in 'C:\Users\Drod2\source\repos\SV22T1020796\SV22T1020796.Admin\Models\Sales\OrderStatusEnum.cs' conflicts with the imported type 'OrderStatusEnum' in 'SV22T1020796.Models, Version=1.0.0.0, Culture=neutral, PublicKeyToken=null'. Using the type defined in 'C:\Users\Drod2\source\repos\SV22T1020796\SV22T1020796.Admin\Models\Sales\OrderStatusEnum.cs'. [C:\Users\Drod2\source\repos\SV22T1020796\SV22T1020796.Admin\SV22T1020796.Admin.csproj]
C:\Users\Drod2\source\repos\SV22T1020796\SV22T1020796.Admin\Views\Test\Index.cshtml(1,35): warning CS0436: The type 'PagedResult<T>' in 'C:\Users\Drod2\source\repos\SV22T1020796\SV22T1020796.Admin\Models\Common\PagedResult.cs' conflicts with the imported type 'PagedResult<T>' in 'SV22T1020796.Models, Version=1.0.0.0, Culture=neutral, PublicKeyToken=null'. Using the type defined in 'C:\Users\Drod2\source\repos\SV22T1020796\SV22T1020796.Admin\Models\Common\PagedResult.cs'. [C:\Users\Drod2\source\repos\SV22T1020796\SV22T1020796.Admin\SV22T1020796.Admin.csproj]
C:\Users\Drod2\source\repos\SV22T1020796\SV22T1020796.Admin\Views\Test\Index.cshtml(1,75): warning CS0436: The type 'Customer' in 'C:\Users\Drod2\source\repos\SV22T1020796\SV22T1020796.Admin\Models\Partner\Customer.cs' conflicts with the imported type 'Customer' in 'SV22T1020796.Models, Version=1.0.0.0, Culture=neutral, PublicKeyToken=null'. Using the type defined in 'C:\Users\Drod2\source\repos\SV22T1020796\SV22T1020796.Admin\Models\Partner\Customer.cs'. [C:\Users\Drod2\source\repos\SV22T1020796\SV22T1020796.Admin\SV22T1020796.Admin.csproj]
C:\Users\Drod2\source\repos\SV22T1020796\SV22T1020796.Admin\obj\Debug\net8.0\Microsoft.CodeAnalysis.Razor.Compiler\Microsoft.NET.Sdk.Razor.SourceGenerators.RazorSourceGenerator\Views_Test_Index_cshtml.g.cs(199,98): warning CS0436: The type 'PagedResult<T>' in 'C:\Users\Drod2\source\repos\SV22T1020796\SV22T1020796.Admin\Models\Common\PagedResult.cs' conflicts with the imported type 'PagedResult<T>' in 'SV22T1020796.Models, Version=1.0.0.0, Culture=neutral, PublicKeyToken=null'. Using the type defined in 'C:\Users\Drod2\source\repos\SV22T1020796\SV22T1020796.Admin\Models\Common\PagedResult.cs'. [C:\Users\Drod2\source\repos\SV22T1020796\SV22T1020796.Admin\SV22T1020796.Admin.csproj]
C:\Users\Drod2\source\repos\SV22T1020796\SV22T1020796.Admin\obj\Debug\net8.0\Microsoft.CodeAnalysis.Razor.Compiler\Microsoft.NET.Sdk.Razor.SourceGenerators.RazorSourceGenerator\Views_Test_Index_cshtml.g.cs(199,138): warning CS0436: The type 'Customer' in 'C:\Users\Drod2\source\repos\SV22T1020796\SV22T1020796.Admin\Models\Partner\Customer.cs' conflicts with the imported type 'Customer' in 'SV22T1020796.Models, Version=1.0.0.0, Culture=neutral, PublicKeyToken=null'. Using the type defined in 'C:\Users\Drod2\source\repos\SV22T1020796\SV22T1020796.Admin\Models\Partner\Customer.cs'. [C:\Users\Drod2\source\repos\SV22T1020796\SV22T1020796.Admin\SV22T1020796.Admin.csproj]
C:\Users\Drod2\source\repos\SV22T1020796\SV22T1020796.Admin\Models\Sales\OrderStatusExtensions.cs(17,17): warning CS0436: The type 'OrderStatusEnum' in 'C:\Users\Drod2\source\repos\SV22T1020796\SV22T1020796.Admin\Models\Sales\OrderStatusEnum.cs' conflicts with the imported type 'OrderStatusEnum' in 'SV22T1020796.Models, Version=1.0.0.0, Culture=neutral, PublicKeyToken=null'. Using the type defined in 'C:\Users\Drod2\source\repos\SV22T1020796\SV22T1020796.Admin\Models\Sales\OrderStatusEnum.cs'. [C:\Users\Drod2\source\repos\SV22T1020796\SV22T1020796.Admin\SV22T1020796.Admin.csproj]
C:\Users\Drod2\source\repos\SV22T1020796\SV22T1020796.Admin\Models\Sales\OrderStatusExtensions.cs(18,17): warning CS0436: The type 'OrderStatusEnum' in 'C:\Users\Drod2\source\repos\SV22T1020796\SV22T1020796.Admin\Models\Sales\OrderStatusEnum.cs' conflicts with the imported type 'OrderStatusEnum' in 'SV22T1020796.Models, Version=1.0.0.0, Culture=neutral, PublicKeyToken=null'. Using the type defined in 'C:\Users\Drod2\source\repos\SV22T1020796\SV22T1020796.Admin\Models\Sales\OrderStatusEnum.cs'. [C:\Users\Drod2\source\repos\SV22T1020796\SV22T1020796.Admin\SV22T1020796.Admin.csproj]
C:\Users\Drod2\source\repos\SV22T1020796\SV22T1020796.Admin\Models\Sales\OrderStatusExtensions.cs(19,17): warning CS0436: The type 'OrderStatusEnum' in 'C:\Users\Drod2\source\repos\SV22T1020796\SV22T1020796.Admin\Models\Sales\OrderStatusEnum.cs' conflicts with the imported type 'OrderStatusEnum' in 'SV22T1020796.Models, Version=1.0.0.0, Culture=neutral, PublicKeyToken=null'. Using the type defined in 'C:\Users\Drod2\source\repos\SV22T1020796\SV22T1020796.Admin\Models\Sales\OrderStatusEnum.cs'. [C:\Users\Drod2\source\repos\SV22T1020796\SV22T1020796.Admin\SV22T1020796.Admin.csproj]
C:\Users\Drod2\source\repos\SV22T1020796\SV22T1020796.Admin\Models\Sales\OrderStatusExtensions.cs(20,17): warning CS0436: The type 'OrderStatusEnum' in 'C:\Users\Drod2\source\repos\SV22T1020796\SV22T1020796.Admin\Models\Sales\OrderStatusEnum.cs' conflicts with the imported type 'OrderStatusEnum' in 'SV22T1020796.Models, Version=1.0.0.0, Culture=neutral, PublicKeyToken=null'. Using the type defined in 'C:\Users\Drod2\source\repos\SV22T1020796\SV22T1020796.Admin\Models\Sales\OrderStatusEnum.cs'. [C:\Users\Drod2\source\repos\SV22T1020796\SV22T1020796.Admin\SV22T1020796.Admin.csproj]
C:\Users\Drod2\source\repos\SV22T1020796\SV22T1020796.Admin\Models\Sales\OrderStatusExtensions.cs(21,17): warning CS0436: The type 'OrderStatusEnum' in 'C:\Users\Drod2\source\repos\SV22T1020796\SV22T1020796.Admin\Models\Sales\OrderStatusEnum.cs' conflicts with the imported type 'OrderStatusEnum' in 'SV22T1020796.Models, Version=1.0.0.0, Culture=neutral, PublicKeyToken=null'. Using the type defined in 'C:\Users\Drod2\source\repos\SV22T1020796\SV22T1020796.Admin\Models\Sales\OrderStatusEnum.cs'. [C:\Users\Drod2\source\repos\SV22T1020796\SV22T1020796.Admin\SV22T1020796.Admin.csproj]
C:\Users\Drod2\source\repos\SV22T1020796\SV22T1020796.Admin\Models\Sales\OrderStatusExtensions.cs(22,17): warning CS0436: The type 'OrderStatusEnum' in 'C:\Users\Drod2\source\repos\SV22T1020796\SV22T1020796.Admin\Models\Sales\OrderStatusEnum.cs' conflicts with the imported type 'OrderStatusEnum' in 'SV22T1020796.Models, Version=1.0.0.0, Culture=neutral, PublicKeyToken=null'. Using the type defined in 'C:\Users\Drod2\source\repos\SV22T1020796\SV22T1020796.Admin\Models\Sales\OrderStatusEnum.cs'. [C:\Users\Drod2\source\repos\SV22T1020796\SV22T1020796.Admin\SV22T1020796.Admin.csproj]
C:\Users\Drod2\source\repos\SV22T1020796\SV22T1020796.Admin\Models\Common\PagedResult.cs(53,35): warning CS0436: The type 'PageItem' in 'C:\Users\Drod2\source\repos\SV22T1020796\SV22T1020796.Admin\Models\Common\PageItem.cs' conflicts with the imported type 'PageItem' in 'SV22T1020796.Models, Version=1.0.0.0, Culture=neutral, PublicKeyToken=null'. Using the type defined in 'C:\Users\Drod2\source\repos\SV22T1020796\SV22T1020796.Admin\Models\Common\PageItem.cs'. [C:\Users\Drod2\source\repos\SV22T1020796\SV22T1020796.Admin\SV22T1020796.Admin.csproj]
C:\Users\Drod2\source\repos\SV22T1020796\SV22T1020796.Admin\Models\Common\PagedResult.cs(95,32): warning CS0436: The type 'PageItem' in 'C:\Users\Drod2\source\repos\SV22T1020796\SV22T1020796.Admin\Models\Common\PageItem.cs' conflicts with the imported type 'PageItem' in 'SV22T1020796.Models, Version=1.0.0.0, Culture=neutral, PublicKeyToken=null'. Using the type defined in 'C:\Users\Drod2\source\repos\SV22T1020796\SV22T1020796.Admin\Models\Common\PageItem.cs'. [C:\Users\Drod2\source\repos\SV22T1020796\SV22T1020796.Admin\SV22T1020796.Admin.csproj]
C:\Users\Drod2\source\repos\SV22T1020796\SV22T1020796.Admin\Models\Common\PagedResult.cs(98,36): warning CS0436: The type 'PageItem' in 'C:\Users\Drod2\source\repos\SV22T1020796\SV22T1020796.Admin\Models\Common\PageItem.cs' conflicts with the imported type 'PageItem' in 'SV22T1020796.Models, Version=1.0.0.0, Culture=neutral, PublicKeyToken=null'. Using the type defined in 'C:\Users\Drod2\source\repos\SV22T1020796\SV22T1020796.Admin\Models\Common\PageItem.cs'. [C:\Users\Drod2\source\repos\SV22T1020796\SV22T1020796.Admin\SV22T1020796.Admin.csproj]
C:\Users\Drod2\source\repos\SV22T1020796\SV22T1020796.Admin\Models\Common\PagedResult.cs(104,32): warning CS0436: The type 'PageItem' in 'C:\Users\Drod2\source\repos\SV22T1020796\SV22T1020796.Admin\Models\Common\PageItem.cs' conflicts with the imported type 'PageItem' in 'SV22T1020796.Models, Version=1.0.0.0, Culture=neutral, PublicKeyToken=null'. Using the type defined in 'C:\Users\Drod2\source\repos\SV22T1020796\SV22T1020796.Admin\Models\Common\PageItem.cs'. [C:\Users\Drod2\source\repos\SV22T1020796\SV22T1020796.Admin\SV22T1020796.Admin.csproj]
C:\Users\Drod2\source\repos\SV22T1020796\SV22T1020796.Admin\Models\Common\PagedResult.cs(112,36): warning CS0436: The type 'PageItem' in 'C:\Users\Drod2\source\repos\SV22T1020796\SV22T1020796.Admin\Models\Common\PageItem.cs' conflicts with the imported type 'PageItem' in 'SV22T1020796.Models, Version=1.0.0.0, Culture=neutral, PublicKeyToken=null'. Using the type defined in 'C:\Users\Drod2\source\repos\SV22T1020796\SV22T1020796.Admin\Models\Common\PageItem.cs'. [C:\Users\Drod2\source\repos\SV22T1020796\SV22T1020796.Admin\SV22T1020796.Admin.csproj]
C:\Users\Drod2\source\repos\SV22T1020796\SV22T1020796.Admin\Models\Common\PagedResult.cs(113,32): warning CS0436: The type 'PageItem' in 'C:\Users\Drod2\source\repos\SV22T1020796\SV22T1020796.Admin\Models\Common\PageItem.cs' conflicts with the imported type 'PageItem' in 'SV22T1020796.Models, Version=1.0.0.0, Culture=neutral, PublicKeyToken=null'. Using the type defined in 'C:\Users\Drod2\source\repos\SV22T1020796\SV22T1020796.Admin\Models\Common\PageItem.cs'. [C:\Users\Drod2\source\repos\SV22T1020796\SV22T1020796.Admin\SV22T1020796.Admin.csproj]
C:\Users\Drod2\source\repos\SV22T1020796\SV22T1020796.Admin\Controllers\TestController.cs(12,56): warning CS0436: The type 'PaginationSearchInput' in 'C:\Users\Drod2\source\repos\SV22T1020796\SV22T1020796.Admin\Models\Common\PaginationSearchInput.cs' conflicts with the imported type 'PaginationSearchInput' in 'SV22T1020796.Models, Version=1.0.0.0, Culture=neutral, PublicKeyToken=null'. Using the type defined in 'C:\Users\Drod2\source\repos\SV22T1020796\SV22T1020796.Admin\Models\Common\PaginationSearchInput.cs'. [C:\Users\Drod2\source\repos\SV22T1020796\SV22T1020796.Admin\SV22T1020796.Admin.csproj]
C:\Users\Drod2\source\repos\SV22T1020796\SV22T1020796.Admin\Controllers\CustomerController.cs(17,29): warning CS0436: The type 'PaginationSearchInput' in 'C:\Users\Drod2\source\repos\SV22T1020796\SV22T1020796.Admin\Models\Common\PaginationSearchInput.cs' conflicts with the imported type 'PaginationSearchInput' in 'SV22T1020796.Models, Version=1.0.0.0, Culture=neutral, PublicKeyToken=null'. Using the type defined in 'C:\Users\Drod2\source\repos\SV22T1020796\SV22T1020796.Admin\Models\Common\PaginationSearchInput.cs'. [C:\Users\Drod2\source\repos\SV22T1020796\SV22T1020796.Admin\SV22T1020796.Admin.csproj]
C:\Users\Drod2\source\repos\SV22T1020796\SV22T1020796.Admin\Controllers\TestController.cs(29,47): error CS1503: Argument 1: cannot convert from 'SV22T1020796.Models.Common.PaginationSearchInput [C:\Users\Drod2\source\repos\SV22T1020796\SV22T1020796.Admin\Models\Common\PaginationSearchInput.cs(6)]' to 'SV22T1020796.Models.Common.PaginationSearchInput [C:\Users\Drod2\source\repos\SV22T1020796\SV22T1020796.Models\obj\Debug\net8.0\ref\SV22T1020796.Models.dll]' [C:\Users\Drod2\source\repos\SV22T1020796\SV22T1020796.Admin\SV22T1020796.Admin.csproj]
C:\Users\Drod2\source\repos\SV22T1020796\SV22T1020796.Admin\Controllers\CustomerController.cs(23,69): error CS1503: Argument 1: cannot convert from 'SV22T1020796.Models.Common.PaginationSearchInput [C:\Users\Drod2\source\repos\SV22T1020796\SV22T1020796.Admin\Models\Common\PaginationSearchInput.cs(6)]' to 'SV22T1020796.Models.Common.PaginationSearchInput [C:\Users\Drod2\source\repos\SV22T1020796\SV22T1020796.Models\obj\Debug\net8.0\ref\SV22T1020796.Models.dll]' [C:\Users\Drod2\source\repos\SV22T1020796\SV22T1020796.Admin\SV22T1020796.Admin.csproj]
    21 Warning(s)
    2 Error(s)

Time Elapsed 00:00:01.97
